// Jest Snapshot v1, https://goo.gl/fbAQLP

exports[`<HDMCCustomizeQuoteSummaryPage /> render component 1`] = `
<ContextConsumer>
  <Component />
</ContextConsumer>
`;
