// Jest Snapshot v1, https://goo.gl/fbAQLP

exports[`<alertDownloadIcon/> render component 1`] = `<alertDownloadIcon />`;
