// Jest Snapshot v1, https://goo.gl/fbAQLP

exports[`<HDAccountHolderDetailsPage /> Render component 1`] = `<Component />`;
