// Jest Snapshot v1, https://goo.gl/fbAQLP

exports[`<HDMCThanksPage /> render component 1`] = `
<ContextProvider
  value={
    Object {
      "store": Object {
        "clearActions": [Function],
        "dispatch": [Function],
        "getActions": [Function],
        "getState": [Function],
        "replaceReducer": [Function],
        "subscribe": [Function],
      },
      "subscription": Subscription {
        "handleChangeWrapper": [Function],
        "listeners": Object {
          "notify": [Function],
        },
        "onStateChange": [Function],
        "parentSub": undefined,
        "store": Object {
          "clearActions": [Function],
          "dispatch": [Function],
          "getActions": [Function],
          "getState": [Function],
          "replaceReducer": [Function],
          "subscribe": [Function],
        },
        "unsubscribe": null,
      },
    }
  }
>
  <Connect(HDMCThanksPage)
    pageMetadata={
      Object {
        "page_name": "test",
        "page_type": "test",
        "sales_journey_type": "multi_car",
      }
    }
  />
</ContextProvider>
`;
