// Jest Snapshot v1, https://goo.gl/fbAQLP

exports[`<HDImageRadioButton /> render component with image 1`] = `ShallowWrapper {}`;
