// Jest Snapshot v1, https://goo.gl/fbAQLP

exports[`<alertSuccessIcon/> render component 1`] = `<alertSuccessIcon />`;
